------------------------------------------------------------
Timing Analyzer Summary
------------------------------------------------------------

Type  : Slow 1100mV 85C Model Setup 'clk'
Slack : -0.190
TNS   : -0.504

Type  : Slow 1100mV 85C Model Hold 'clk'
Slack : 0.368
TNS   : 0.000

Type  : Slow 1100mV 85C Model Minimum Pulse Width 'clk'
Slack : -0.394
TNS   : -2.679

Type  : Slow 1100mV 0C Model Setup 'clk'
Slack : -0.220
TNS   : -0.589

Type  : Slow 1100mV 0C Model Hold 'clk'
Slack : 0.383
TNS   : 0.000

Type  : Slow 1100mV 0C Model Minimum Pulse Width 'clk'
Slack : -0.394
TNS   : -2.973

Type  : Fast 1100mV 85C Model Setup 'clk'
Slack : 0.278
TNS   : 0.000

Type  : Fast 1100mV 85C Model Hold 'clk'
Slack : 0.183
TNS   : 0.000

Type  : Fast 1100mV 85C Model Minimum Pulse Width 'clk'
Slack : -0.075
TNS   : -0.367

Type  : Fast 1100mV 0C Model Setup 'clk'
Slack : 0.325
TNS   : 0.000

Type  : Fast 1100mV 0C Model Hold 'clk'
Slack : 0.171
TNS   : 0.000

Type  : Fast 1100mV 0C Model Minimum Pulse Width 'clk'
Slack : -0.076
TNS   : -0.373

------------------------------------------------------------
